// Jest Snapshot v1, https://goo.gl/fbAQLP

exports[`GAME should get Q12 1`] = `"<p>tata ?</p><p>TAKE_CHAISE. MOVE_BAS</p>"`;

exports[`GAME should get isEnd attribute => true 1`] = `"<p>No way out ?</p>"`;
